<?xml version="1.0" encoding="UTF-8"?>
<testsuites name="jest tests" tests="5" failures="0" time="5.502">
  <testsuite name="undefined" errors="0" failures="0" skipped="0" timestamp="2022-06-01T14:11:43" time="4.347" tests="5">
    <testcase classname=" For each task in stage 0 and stage 1, backward and forward buttons are correctly enabled/disabled" name=" For each task in stage 0 and stage 1, backward and forward buttons are correctly enabled/disabled" time="0.065">
    </testcase>
    <testcase classname=" For each task in stage 2 and stage 3, backward and forward buttons are correctly enabled/disabled" name=" For each task in stage 2 and stage 3, backward and forward buttons are correctly enabled/disabled" time="0.027">
    </testcase>
    <testcase classname=" For a task in stage 0, can be moved forward till stage 4 and buttons are correctly enabled and disabled in stage 4" name=" For a task in stage 0, can be moved forward till stage 4 and buttons are correctly enabled and disabled in stage 4" time="0.046">
    </testcase>
    <testcase classname=" For a task in stage 4, can be moved backward till stage 0 and check for buttons are enabled/disabled correctly" name=" For a task in stage 4, can be moved backward till stage 0 and check for buttons are enabled/disabled correctly" time="0.039">
    </testcase>
    <testcase classname=" after many forward and back operations, tasks are in correct state" name=" after many forward and back operations, tasks are in correct state" time="0.072">
    </testcase>
  </testsuite>
</testsuites>